src/components/ErrorBoundary.tsx(1,21): error TS1484: 'ErrorInfo' is a type and must be imported using a type-only import when 'verbatimModuleSyntax' is enabled.
src/components/ErrorBoundary.tsx(1,32): error TS1484: 'ReactNode' is a type and must be imported using a type-only import when 'verbatimModuleSyntax' is enabled.
src/pages/Home.tsx(15,5): error TS6133: 'AlertCircle' is declared but its value is never read.
src/pages/Services.tsx(2,40): error TS6133: 'AlertCircle' is declared but its value is never read.
